src/components/project/create-task-modal.tsx(9,26): error TS2307: Cannot find module '@/components/ui/checkbox' or its corresponding type declarations.
src/components/project/create-task-modal.tsx(67,9): error TS2322: Type 'Resolver<{ title: string; status: "TODO" | "IN_PROGRESS" | "COMPLETED" | "ON_HOLD"; priority: "LOW" | "MEDIUM" | "HIGH" | "URGENT"; description?: string | undefined; dueDate?: string | undefined; assignedUserId?: string | undefined; teamMemberId?: string | undefined; isPaid?: boolean | undefined; }, any, { ...; }>' is not assignable to type 'Resolver<{ title: string; status: "TODO" | "IN_PROGRESS" | "COMPLETED" | "ON_HOLD"; priority: "LOW" | "MEDIUM" | "HIGH" | "URGENT"; isPaid: boolean; description?: string | undefined; dueDate?: string | undefined; assignedUserId?: string | undefined; teamMemberId?: string | undefined; }, any, { ...; }>'.
  Types of parameters 'options' and 'options' are incompatible.
    Type 'ResolverOptions<{ title: string; status: "TODO" | "IN_PROGRESS" | "COMPLETED" | "ON_HOLD"; priority: "LOW" | "MEDIUM" | "HIGH" | "URGENT"; isPaid: boolean; description?: string | undefined; dueDate?: string | undefined; assignedUserId?: string | undefined; teamMemberId?: string | undefined; }>' is not assignable to type 'ResolverOptions<{ title: string; status: "TODO" | "IN_PROGRESS" | "COMPLETED" | "ON_HOLD"; priority: "LOW" | "MEDIUM" | "HIGH" | "URGENT"; description?: string | undefined; dueDate?: string | undefined; assignedUserId?: string | undefined; teamMemberId?: string | undefined; isPaid?: boolean | undefined; }>'.
      Type 'boolean | undefined' is not assignable to type 'boolean'.
        Type 'undefined' is not assignable to type 'boolean'.
src/components/project/create-task-modal.tsx(111,55): error TS2345: Argument of type '(values: z.infer<typeof TaskSchema>) => void' is not assignable to parameter of type 'SubmitHandler<TFieldValues>'.
  Types of parameters 'values' and 'data' are incompatible.
    Type 'TFieldValues' is not assignable to type '{ title: string; status: "TODO" | "IN_PROGRESS" | "COMPLETED" | "ON_HOLD"; priority: "LOW" | "MEDIUM" | "HIGH" | "URGENT"; isPaid: boolean; description?: string | undefined; dueDate?: string | undefined; assignedUserId?: string | undefined; teamMemberId?: string | undefined; }'.
      Type 'FieldValues' is missing the following properties from type '{ title: string; status: "TODO" | "IN_PROGRESS" | "COMPLETED" | "ON_HOLD"; priority: "LOW" | "MEDIUM" | "HIGH" | "URGENT"; isPaid: boolean; description?: string | undefined; dueDate?: string | undefined; assignedUserId?: string | undefined; teamMemberId?: string | undefined; }': title, status, priority, isPaid
src/components/project/create-task-modal.tsx(113,29): error TS2322: Type 'Control<{ title: string; status: "TODO" | "IN_PROGRESS" | "COMPLETED" | "ON_HOLD"; priority: "LOW" | "MEDIUM" | "HIGH" | "URGENT"; isPaid: boolean; description?: string | undefined; dueDate?: string | undefined; assignedUserId?: string | undefined; teamMemberId?: string | undefined; }, any, TFieldValues>' is not assignable to type 'Control<{ title: string; status: "TODO" | "IN_PROGRESS" | "COMPLETED" | "ON_HOLD"; priority: "LOW" | "MEDIUM" | "HIGH" | "URGENT"; isPaid: boolean; description?: string | undefined; dueDate?: string | undefined; assignedUserId?: string | undefined; teamMemberId?: string | undefined; }, any, { ...; }>'.
  The types of '_options.resolver' are incompatible between these types.
    Type 'Resolver<{ title: string; status: "TODO" | "IN_PROGRESS" | "COMPLETED" | "ON_HOLD"; priority: "LOW" | "MEDIUM" | "HIGH" | "URGENT"; isPaid: boolean; description?: string | undefined; dueDate?: string | undefined; assignedUserId?: string | undefined; teamMemberId?: string | undefined; }, any, TFieldValues> | undefined' is not assignable to type 'Resolver<{ title: string; status: "TODO" | "IN_PROGRESS" | "COMPLETED" | "ON_HOLD"; priority: "LOW" | "MEDIUM" | "HIGH" | "URGENT"; isPaid: boolean; description?: string | undefined; dueDate?: string | undefined; assignedUserId?: string | undefined; teamMemberId?: string | undefined; }, any, { ...; }> | undefined'.
      Type 'Resolver<{ title: string; status: "TODO" | "IN_PROGRESS" | "COMPLETED" | "ON_HOLD"; priority: "LOW" | "MEDIUM" | "HIGH" | "URGENT"; isPaid: boolean; description?: string | undefined; dueDate?: string | undefined; assignedUserId?: string | undefined; teamMemberId?: string | undefined; }, any, TFieldValues>' is not assignable to type 'Resolver<{ title: string; status: "TODO" | "IN_PROGRESS" | "COMPLETED" | "ON_HOLD"; priority: "LOW" | "MEDIUM" | "HIGH" | "URGENT"; isPaid: boolean; description?: string | undefined; dueDate?: string | undefined; assignedUserId?: string | undefined; teamMemberId?: string | undefined; }, any, { ...; }>'.
        Type 'ResolverResult<{ title: string; status: "TODO" | "IN_PROGRESS" | "COMPLETED" | "ON_HOLD"; priority: "LOW" | "MEDIUM" | "HIGH" | "URGENT"; isPaid: boolean; description?: string | undefined; dueDate?: string | undefined; assignedUserId?: string | undefined; teamMemberId?: string | undefined; }, TFieldValues> | Promise...' is not assignable to type 'ResolverResult<{ title: string; status: "TODO" | "IN_PROGRESS" | "COMPLETED" | "ON_HOLD"; priority: "LOW" | "MEDIUM" | "HIGH" | "URGENT"; isPaid: boolean; description?: string | undefined; dueDate?: string | undefined; assignedUserId?: string | undefined; teamMemberId?: string | undefined; }, { ...; }> | Promise<...>'.
          Type 'ResolverSuccess<TFieldValues>' is not assignable to type 'ResolverResult<{ title: string; status: "TODO" | "IN_PROGRESS" | "COMPLETED" | "ON_HOLD"; priority: "LOW" | "MEDIUM" | "HIGH" | "URGENT"; isPaid: boolean; description?: string | undefined; dueDate?: string | undefined; assignedUserId?: string | undefined; teamMemberId?: string | undefined; }, { ...; }> | Promise<...>'.
            Type 'ResolverSuccess<TFieldValues>' is not assignable to type 'ResolverSuccess<{ title: string; status: "TODO" | "IN_PROGRESS" | "COMPLETED" | "ON_HOLD"; priority: "LOW" | "MEDIUM" | "HIGH" | "URGENT"; isPaid: boolean; description?: string | undefined; dueDate?: string | undefined; assignedUserId?: string | undefined; teamMemberId?: string | undefined; }>'.
              Type 'TFieldValues' is not assignable to type '{ title: string; status: "TODO" | "IN_PROGRESS" | "COMPLETED" | "ON_HOLD"; priority: "LOW" | "MEDIUM" | "HIGH" | "URGENT"; isPaid: boolean; description?: string | undefined; dueDate?: string | undefined; assignedUserId?: string | undefined; teamMemberId?: string | undefined; }'.
                Type 'FieldValues' is missing the following properties from type '{ title: string; status: "TODO" | "IN_PROGRESS" | "COMPLETED" | "ON_HOLD"; priority: "LOW" | "MEDIUM" | "HIGH" | "URGENT"; isPaid: boolean; description?: string | undefined; dueDate?: string | undefined; assignedUserId?: string | undefined; teamMemberId?: string | undefined; }': title, status, priority, isPaid
src/components/project/create-task-modal.tsx(126,29): error TS2322: Type 'Control<{ title: string; status: "TODO" | "IN_PROGRESS" | "COMPLETED" | "ON_HOLD"; priority: "LOW" | "MEDIUM" | "HIGH" | "URGENT"; isPaid: boolean; description?: string | undefined; dueDate?: string | undefined; assignedUserId?: string | undefined; teamMemberId?: string | undefined; }, any, TFieldValues>' is not assignable to type 'Control<{ title: string; status: "TODO" | "IN_PROGRESS" | "COMPLETED" | "ON_HOLD"; priority: "LOW" | "MEDIUM" | "HIGH" | "URGENT"; isPaid: boolean; description?: string | undefined; dueDate?: string | undefined; assignedUserId?: string | undefined; teamMemberId?: string | undefined; }, any, { ...; }>'.
  The types of '_options.resolver' are incompatible between these types.
    Type 'Resolver<{ title: string; status: "TODO" | "IN_PROGRESS" | "COMPLETED" | "ON_HOLD"; priority: "LOW" | "MEDIUM" | "HIGH" | "URGENT"; isPaid: boolean; description?: string | undefined; dueDate?: string | undefined; assignedUserId?: string | undefined; teamMemberId?: string | undefined; }, any, TFieldValues> | undefined' is not assignable to type 'Resolver<{ title: string; status: "TODO" | "IN_PROGRESS" | "COMPLETED" | "ON_HOLD"; priority: "LOW" | "MEDIUM" | "HIGH" | "URGENT"; isPaid: boolean; description?: string | undefined; dueDate?: string | undefined; assignedUserId?: string | undefined; teamMemberId?: string | undefined; }, any, { ...; }> | undefined'.
      Type 'Resolver<{ title: string; status: "TODO" | "IN_PROGRESS" | "COMPLETED" | "ON_HOLD"; priority: "LOW" | "MEDIUM" | "HIGH" | "URGENT"; isPaid: boolean; description?: string | undefined; dueDate?: string | undefined; assignedUserId?: string | undefined; teamMemberId?: string | undefined; }, any, TFieldValues>' is not assignable to type 'Resolver<{ title: string; status: "TODO" | "IN_PROGRESS" | "COMPLETED" | "ON_HOLD"; priority: "LOW" | "MEDIUM" | "HIGH" | "URGENT"; isPaid: boolean; description?: string | undefined; dueDate?: string | undefined; assignedUserId?: string | undefined; teamMemberId?: string | undefined; }, any, { ...; }>'.
        Type 'ResolverResult<{ title: string; status: "TODO" | "IN_PROGRESS" | "COMPLETED" | "ON_HOLD"; priority: "LOW" | "MEDIUM" | "HIGH" | "URGENT"; isPaid: boolean; description?: string | undefined; dueDate?: string | undefined; assignedUserId?: string | undefined; teamMemberId?: string | undefined; }, TFieldValues> | Promise...' is not assignable to type 'ResolverResult<{ title: string; status: "TODO" | "IN_PROGRESS" | "COMPLETED" | "ON_HOLD"; priority: "LOW" | "MEDIUM" | "HIGH" | "URGENT"; isPaid: boolean; description?: string | undefined; dueDate?: string | undefined; assignedUserId?: string | undefined; teamMemberId?: string | undefined; }, { ...; }> | Promise<...>'.
          Type 'ResolverSuccess<TFieldValues>' is not assignable to type 'ResolverResult<{ title: string; status: "TODO" | "IN_PROGRESS" | "COMPLETED" | "ON_HOLD"; priority: "LOW" | "MEDIUM" | "HIGH" | "URGENT"; isPaid: boolean; description?: string | undefined; dueDate?: string | undefined; assignedUserId?: string | undefined; teamMemberId?: string | undefined; }, { ...; }> | Promise<...>'.
            Type 'ResolverSuccess<TFieldValues>' is not assignable to type 'ResolverSuccess<{ title: string; status: "TODO" | "IN_PROGRESS" | "COMPLETED" | "ON_HOLD"; priority: "LOW" | "MEDIUM" | "HIGH" | "URGENT"; isPaid: boolean; description?: string | undefined; dueDate?: string | undefined; assignedUserId?: string | undefined; teamMemberId?: string | undefined; }>'.
              Type 'TFieldValues' is not assignable to type '{ title: string; status: "TODO" | "IN_PROGRESS" | "COMPLETED" | "ON_HOLD"; priority: "LOW" | "MEDIUM" | "HIGH" | "URGENT"; isPaid: boolean; description?: string | undefined; dueDate?: string | undefined; assignedUserId?: string | undefined; teamMemberId?: string | undefined; }'.
                Type 'FieldValues' is missing the following properties from type '{ title: string; status: "TODO" | "IN_PROGRESS" | "COMPLETED" | "ON_HOLD"; priority: "LOW" | "MEDIUM" | "HIGH" | "URGENT"; isPaid: boolean; description?: string | undefined; dueDate?: string | undefined; assignedUserId?: string | undefined; teamMemberId?: string | undefined; }': title, status, priority, isPaid
src/components/project/create-task-modal.tsx(140,33): error TS2322: Type 'Control<{ title: string; status: "TODO" | "IN_PROGRESS" | "COMPLETED" | "ON_HOLD"; priority: "LOW" | "MEDIUM" | "HIGH" | "URGENT"; isPaid: boolean; description?: string | undefined; dueDate?: string | undefined; assignedUserId?: string | undefined; teamMemberId?: string | undefined; }, any, TFieldValues>' is not assignable to type 'Control<{ title: string; status: "TODO" | "IN_PROGRESS" | "COMPLETED" | "ON_HOLD"; priority: "LOW" | "MEDIUM" | "HIGH" | "URGENT"; isPaid: boolean; description?: string | undefined; dueDate?: string | undefined; assignedUserId?: string | undefined; teamMemberId?: string | undefined; }, any, { ...; }>'.
  The types of '_options.resolver' are incompatible between these types.
    Type 'Resolver<{ title: string; status: "TODO" | "IN_PROGRESS" | "COMPLETED" | "ON_HOLD"; priority: "LOW" | "MEDIUM" | "HIGH" | "URGENT"; isPaid: boolean; description?: string | undefined; dueDate?: string | undefined; assignedUserId?: string | undefined; teamMemberId?: string | undefined; }, any, TFieldValues> | undefined' is not assignable to type 'Resolver<{ title: string; status: "TODO" | "IN_PROGRESS" | "COMPLETED" | "ON_HOLD"; priority: "LOW" | "MEDIUM" | "HIGH" | "URGENT"; isPaid: boolean; description?: string | undefined; dueDate?: string | undefined; assignedUserId?: string | undefined; teamMemberId?: string | undefined; }, any, { ...; }> | undefined'.
      Type 'Resolver<{ title: string; status: "TODO" | "IN_PROGRESS" | "COMPLETED" | "ON_HOLD"; priority: "LOW" | "MEDIUM" | "HIGH" | "URGENT"; isPaid: boolean; description?: string | undefined; dueDate?: string | undefined; assignedUserId?: string | undefined; teamMemberId?: string | undefined; }, any, TFieldValues>' is not assignable to type 'Resolver<{ title: string; status: "TODO" | "IN_PROGRESS" | "COMPLETED" | "ON_HOLD"; priority: "LOW" | "MEDIUM" | "HIGH" | "URGENT"; isPaid: boolean; description?: string | undefined; dueDate?: string | undefined; assignedUserId?: string | undefined; teamMemberId?: string | undefined; }, any, { ...; }>'.
        Type 'ResolverResult<{ title: string; status: "TODO" | "IN_PROGRESS" | "COMPLETED" | "ON_HOLD"; priority: "LOW" | "MEDIUM" | "HIGH" | "URGENT"; isPaid: boolean; description?: string | undefined; dueDate?: string | undefined; assignedUserId?: string | undefined; teamMemberId?: string | undefined; }, TFieldValues> | Promise...' is not assignable to type 'ResolverResult<{ title: string; status: "TODO" | "IN_PROGRESS" | "COMPLETED" | "ON_HOLD"; priority: "LOW" | "MEDIUM" | "HIGH" | "URGENT"; isPaid: boolean; description?: string | undefined; dueDate?: string | undefined; assignedUserId?: string | undefined; teamMemberId?: string | undefined; }, { ...; }> | Promise<...>'.
          Type 'ResolverSuccess<TFieldValues>' is not assignable to type 'ResolverResult<{ title: string; status: "TODO" | "IN_PROGRESS" | "COMPLETED" | "ON_HOLD"; priority: "LOW" | "MEDIUM" | "HIGH" | "URGENT"; isPaid: boolean; description?: string | undefined; dueDate?: string | undefined; assignedUserId?: string | undefined; teamMemberId?: string | undefined; }, { ...; }> | Promise<...>'.
            Type 'ResolverSuccess<TFieldValues>' is not assignable to type 'ResolverSuccess<{ title: string; status: "TODO" | "IN_PROGRESS" | "COMPLETED" | "ON_HOLD"; priority: "LOW" | "MEDIUM" | "HIGH" | "URGENT"; isPaid: boolean; description?: string | undefined; dueDate?: string | undefined; assignedUserId?: string | undefined; teamMemberId?: string | undefined; }>'.
              Type 'TFieldValues' is not assignable to type '{ title: string; status: "TODO" | "IN_PROGRESS" | "COMPLETED" | "ON_HOLD"; priority: "LOW" | "MEDIUM" | "HIGH" | "URGENT"; isPaid: boolean; description?: string | undefined; dueDate?: string | undefined; assignedUserId?: string | undefined; teamMemberId?: string | undefined; }'.
                Type 'FieldValues' is missing the following properties from type '{ title: string; status: "TODO" | "IN_PROGRESS" | "COMPLETED" | "ON_HOLD"; priority: "LOW" | "MEDIUM" | "HIGH" | "URGENT"; isPaid: boolean; description?: string | undefined; dueDate?: string | undefined; assignedUserId?: string | undefined; teamMemberId?: string | undefined; }': title, status, priority, isPaid
src/components/project/create-task-modal.tsx(163,33): error TS2322: Type 'Control<{ title: string; status: "TODO" | "IN_PROGRESS" | "COMPLETED" | "ON_HOLD"; priority: "LOW" | "MEDIUM" | "HIGH" | "URGENT"; isPaid: boolean; description?: string | undefined; dueDate?: string | undefined; assignedUserId?: string | undefined; teamMemberId?: string | undefined; }, any, TFieldValues>' is not assignable to type 'Control<{ title: string; status: "TODO" | "IN_PROGRESS" | "COMPLETED" | "ON_HOLD"; priority: "LOW" | "MEDIUM" | "HIGH" | "URGENT"; isPaid: boolean; description?: string | undefined; dueDate?: string | undefined; assignedUserId?: string | undefined; teamMemberId?: string | undefined; }, any, { ...; }>'.
  The types of '_options.resolver' are incompatible between these types.
    Type 'Resolver<{ title: string; status: "TODO" | "IN_PROGRESS" | "COMPLETED" | "ON_HOLD"; priority: "LOW" | "MEDIUM" | "HIGH" | "URGENT"; isPaid: boolean; description?: string | undefined; dueDate?: string | undefined; assignedUserId?: string | undefined; teamMemberId?: string | undefined; }, any, TFieldValues> | undefined' is not assignable to type 'Resolver<{ title: string; status: "TODO" | "IN_PROGRESS" | "COMPLETED" | "ON_HOLD"; priority: "LOW" | "MEDIUM" | "HIGH" | "URGENT"; isPaid: boolean; description?: string | undefined; dueDate?: string | undefined; assignedUserId?: string | undefined; teamMemberId?: string | undefined; }, any, { ...; }> | undefined'.
      Type 'Resolver<{ title: string; status: "TODO" | "IN_PROGRESS" | "COMPLETED" | "ON_HOLD"; priority: "LOW" | "MEDIUM" | "HIGH" | "URGENT"; isPaid: boolean; description?: string | undefined; dueDate?: string | undefined; assignedUserId?: string | undefined; teamMemberId?: string | undefined; }, any, TFieldValues>' is not assignable to type 'Resolver<{ title: string; status: "TODO" | "IN_PROGRESS" | "COMPLETED" | "ON_HOLD"; priority: "LOW" | "MEDIUM" | "HIGH" | "URGENT"; isPaid: boolean; description?: string | undefined; dueDate?: string | undefined; assignedUserId?: string | undefined; teamMemberId?: string | undefined; }, any, { ...; }>'.
        Type 'ResolverResult<{ title: string; status: "TODO" | "IN_PROGRESS" | "COMPLETED" | "ON_HOLD"; priority: "LOW" | "MEDIUM" | "HIGH" | "URGENT"; isPaid: boolean; description?: string | undefined; dueDate?: string | undefined; assignedUserId?: string | undefined; teamMemberId?: string | undefined; }, TFieldValues> | Promise...' is not assignable to type 'ResolverResult<{ title: string; status: "TODO" | "IN_PROGRESS" | "COMPLETED" | "ON_HOLD"; priority: "LOW" | "MEDIUM" | "HIGH" | "URGENT"; isPaid: boolean; description?: string | undefined; dueDate?: string | undefined; assignedUserId?: string | undefined; teamMemberId?: string | undefined; }, { ...; }> | Promise<...>'.
          Type 'ResolverSuccess<TFieldValues>' is not assignable to type 'ResolverResult<{ title: string; status: "TODO" | "IN_PROGRESS" | "COMPLETED" | "ON_HOLD"; priority: "LOW" | "MEDIUM" | "HIGH" | "URGENT"; isPaid: boolean; description?: string | undefined; dueDate?: string | undefined; assignedUserId?: string | undefined; teamMemberId?: string | undefined; }, { ...; }> | Promise<...>'.
            Type 'ResolverSuccess<TFieldValues>' is not assignable to type 'ResolverSuccess<{ title: string; status: "TODO" | "IN_PROGRESS" | "COMPLETED" | "ON_HOLD"; priority: "LOW" | "MEDIUM" | "HIGH" | "URGENT"; isPaid: boolean; description?: string | undefined; dueDate?: string | undefined; assignedUserId?: string | undefined; teamMemberId?: string | undefined; }>'.
              Type 'TFieldValues' is not assignable to type '{ title: string; status: "TODO" | "IN_PROGRESS" | "COMPLETED" | "ON_HOLD"; priority: "LOW" | "MEDIUM" | "HIGH" | "URGENT"; isPaid: boolean; description?: string | undefined; dueDate?: string | undefined; assignedUserId?: string | undefined; teamMemberId?: string | undefined; }'.
                Type 'FieldValues' is missing the following properties from type '{ title: string; status: "TODO" | "IN_PROGRESS" | "COMPLETED" | "ON_HOLD"; priority: "LOW" | "MEDIUM" | "HIGH" | "URGENT"; isPaid: boolean; description?: string | undefined; dueDate?: string | undefined; assignedUserId?: string | undefined; teamMemberId?: string | undefined; }': title, status, priority, isPaid
src/components/project/create-task-modal.tsx(187,29): error TS2322: Type 'Control<{ title: string; status: "TODO" | "IN_PROGRESS" | "COMPLETED" | "ON_HOLD"; priority: "LOW" | "MEDIUM" | "HIGH" | "URGENT"; isPaid: boolean; description?: string | undefined; dueDate?: string | undefined; assignedUserId?: string | undefined; teamMemberId?: string | undefined; }, any, TFieldValues>' is not assignable to type 'Control<{ title: string; status: "TODO" | "IN_PROGRESS" | "COMPLETED" | "ON_HOLD"; priority: "LOW" | "MEDIUM" | "HIGH" | "URGENT"; isPaid: boolean; description?: string | undefined; dueDate?: string | undefined; assignedUserId?: string | undefined; teamMemberId?: string | undefined; }, any, { ...; }>'.
  The types of '_options.resolver' are incompatible between these types.
    Type 'Resolver<{ title: string; status: "TODO" | "IN_PROGRESS" | "COMPLETED" | "ON_HOLD"; priority: "LOW" | "MEDIUM" | "HIGH" | "URGENT"; isPaid: boolean; description?: string | undefined; dueDate?: string | undefined; assignedUserId?: string | undefined; teamMemberId?: string | undefined; }, any, TFieldValues> | undefined' is not assignable to type 'Resolver<{ title: string; status: "TODO" | "IN_PROGRESS" | "COMPLETED" | "ON_HOLD"; priority: "LOW" | "MEDIUM" | "HIGH" | "URGENT"; isPaid: boolean; description?: string | undefined; dueDate?: string | undefined; assignedUserId?: string | undefined; teamMemberId?: string | undefined; }, any, { ...; }> | undefined'.
      Type 'Resolver<{ title: string; status: "TODO" | "IN_PROGRESS" | "COMPLETED" | "ON_HOLD"; priority: "LOW" | "MEDIUM" | "HIGH" | "URGENT"; isPaid: boolean; description?: string | undefined; dueDate?: string | undefined; assignedUserId?: string | undefined; teamMemberId?: string | undefined; }, any, TFieldValues>' is not assignable to type 'Resolver<{ title: string; status: "TODO" | "IN_PROGRESS" | "COMPLETED" | "ON_HOLD"; priority: "LOW" | "MEDIUM" | "HIGH" | "URGENT"; isPaid: boolean; description?: string | undefined; dueDate?: string | undefined; assignedUserId?: string | undefined; teamMemberId?: string | undefined; }, any, { ...; }>'.
        Type 'ResolverResult<{ title: string; status: "TODO" | "IN_PROGRESS" | "COMPLETED" | "ON_HOLD"; priority: "LOW" | "MEDIUM" | "HIGH" | "URGENT"; isPaid: boolean; description?: string | undefined; dueDate?: string | undefined; assignedUserId?: string | undefined; teamMemberId?: string | undefined; }, TFieldValues> | Promise...' is not assignable to type 'ResolverResult<{ title: string; status: "TODO" | "IN_PROGRESS" | "COMPLETED" | "ON_HOLD"; priority: "LOW" | "MEDIUM" | "HIGH" | "URGENT"; isPaid: boolean; description?: string | undefined; dueDate?: string | undefined; assignedUserId?: string | undefined; teamMemberId?: string | undefined; }, { ...; }> | Promise<...>'.
          Type 'ResolverSuccess<TFieldValues>' is not assignable to type 'ResolverResult<{ title: string; status: "TODO" | "IN_PROGRESS" | "COMPLETED" | "ON_HOLD"; priority: "LOW" | "MEDIUM" | "HIGH" | "URGENT"; isPaid: boolean; description?: string | undefined; dueDate?: string | undefined; assignedUserId?: string | undefined; teamMemberId?: string | undefined; }, { ...; }> | Promise<...>'.
            Type 'ResolverSuccess<TFieldValues>' is not assignable to type 'ResolverSuccess<{ title: string; status: "TODO" | "IN_PROGRESS" | "COMPLETED" | "ON_HOLD"; priority: "LOW" | "MEDIUM" | "HIGH" | "URGENT"; isPaid: boolean; description?: string | undefined; dueDate?: string | undefined; assignedUserId?: string | undefined; teamMemberId?: string | undefined; }>'.
              Type 'TFieldValues' is not assignable to type '{ title: string; status: "TODO" | "IN_PROGRESS" | "COMPLETED" | "ON_HOLD"; priority: "LOW" | "MEDIUM" | "HIGH" | "URGENT"; isPaid: boolean; description?: string | undefined; dueDate?: string | undefined; assignedUserId?: string | undefined; teamMemberId?: string | undefined; }'.
                Type 'FieldValues' is missing the following properties from type '{ title: string; status: "TODO" | "IN_PROGRESS" | "COMPLETED" | "ON_HOLD"; priority: "LOW" | "MEDIUM" | "HIGH" | "URGENT"; isPaid: boolean; description?: string | undefined; dueDate?: string | undefined; assignedUserId?: string | undefined; teamMemberId?: string | undefined; }': title, status, priority, isPaid
src/components/project/create-task-modal.tsx(213,33): error TS2322: Type 'Control<{ title: string; status: "TODO" | "IN_PROGRESS" | "COMPLETED" | "ON_HOLD"; priority: "LOW" | "MEDIUM" | "HIGH" | "URGENT"; isPaid: boolean; description?: string | undefined; dueDate?: string | undefined; assignedUserId?: string | undefined; teamMemberId?: string | undefined; }, any, TFieldValues>' is not assignable to type 'Control<{ title: string; status: "TODO" | "IN_PROGRESS" | "COMPLETED" | "ON_HOLD"; priority: "LOW" | "MEDIUM" | "HIGH" | "URGENT"; isPaid: boolean; description?: string | undefined; dueDate?: string | undefined; assignedUserId?: string | undefined; teamMemberId?: string | undefined; }, any, { ...; }>'.
  The types of '_options.resolver' are incompatible between these types.
    Type 'Resolver<{ title: string; status: "TODO" | "IN_PROGRESS" | "COMPLETED" | "ON_HOLD"; priority: "LOW" | "MEDIUM" | "HIGH" | "URGENT"; isPaid: boolean; description?: string | undefined; dueDate?: string | undefined; assignedUserId?: string | undefined; teamMemberId?: string | undefined; }, any, TFieldValues> | undefined' is not assignable to type 'Resolver<{ title: string; status: "TODO" | "IN_PROGRESS" | "COMPLETED" | "ON_HOLD"; priority: "LOW" | "MEDIUM" | "HIGH" | "URGENT"; isPaid: boolean; description?: string | undefined; dueDate?: string | undefined; assignedUserId?: string | undefined; teamMemberId?: string | undefined; }, any, { ...; }> | undefined'.
      Type 'Resolver<{ title: string; status: "TODO" | "IN_PROGRESS" | "COMPLETED" | "ON_HOLD"; priority: "LOW" | "MEDIUM" | "HIGH" | "URGENT"; isPaid: boolean; description?: string | undefined; dueDate?: string | undefined; assignedUserId?: string | undefined; teamMemberId?: string | undefined; }, any, TFieldValues>' is not assignable to type 'Resolver<{ title: string; status: "TODO" | "IN_PROGRESS" | "COMPLETED" | "ON_HOLD"; priority: "LOW" | "MEDIUM" | "HIGH" | "URGENT"; isPaid: boolean; description?: string | undefined; dueDate?: string | undefined; assignedUserId?: string | undefined; teamMemberId?: string | undefined; }, any, { ...; }>'.
        Type 'ResolverResult<{ title: string; status: "TODO" | "IN_PROGRESS" | "COMPLETED" | "ON_HOLD"; priority: "LOW" | "MEDIUM" | "HIGH" | "URGENT"; isPaid: boolean; description?: string | undefined; dueDate?: string | undefined; assignedUserId?: string | undefined; teamMemberId?: string | undefined; }, TFieldValues> | Promise...' is not assignable to type 'ResolverResult<{ title: string; status: "TODO" | "IN_PROGRESS" | "COMPLETED" | "ON_HOLD"; priority: "LOW" | "MEDIUM" | "HIGH" | "URGENT"; isPaid: boolean; description?: string | undefined; dueDate?: string | undefined; assignedUserId?: string | undefined; teamMemberId?: string | undefined; }, { ...; }> | Promise<...>'.
          Type 'ResolverSuccess<TFieldValues>' is not assignable to type 'ResolverResult<{ title: string; status: "TODO" | "IN_PROGRESS" | "COMPLETED" | "ON_HOLD"; priority: "LOW" | "MEDIUM" | "HIGH" | "URGENT"; isPaid: boolean; description?: string | undefined; dueDate?: string | undefined; assignedUserId?: string | undefined; teamMemberId?: string | undefined; }, { ...; }> | Promise<...>'.
            Type 'ResolverSuccess<TFieldValues>' is not assignable to type 'ResolverSuccess<{ title: string; status: "TODO" | "IN_PROGRESS" | "COMPLETED" | "ON_HOLD"; priority: "LOW" | "MEDIUM" | "HIGH" | "URGENT"; isPaid: boolean; description?: string | undefined; dueDate?: string | undefined; assignedUserId?: string | undefined; teamMemberId?: string | undefined; }>'.
              Type 'TFieldValues' is not assignable to type '{ title: string; status: "TODO" | "IN_PROGRESS" | "COMPLETED" | "ON_HOLD"; priority: "LOW" | "MEDIUM" | "HIGH" | "URGENT"; isPaid: boolean; description?: string | undefined; dueDate?: string | undefined; assignedUserId?: string | undefined; teamMemberId?: string | undefined; }'.
                Type 'FieldValues' is missing the following properties from type '{ title: string; status: "TODO" | "IN_PROGRESS" | "COMPLETED" | "ON_HOLD"; priority: "LOW" | "MEDIUM" | "HIGH" | "URGENT"; isPaid: boolean; description?: string | undefined; dueDate?: string | undefined; assignedUserId?: string | undefined; teamMemberId?: string | undefined; }': title, status, priority, isPaid
src/components/project/create-task-modal.tsx(243,33): error TS2322: Type 'Control<{ title: string; status: "TODO" | "IN_PROGRESS" | "COMPLETED" | "ON_HOLD"; priority: "LOW" | "MEDIUM" | "HIGH" | "URGENT"; isPaid: boolean; description?: string | undefined; dueDate?: string | undefined; assignedUserId?: string | undefined; teamMemberId?: string | undefined; }, any, TFieldValues>' is not assignable to type 'Control<{ title: string; status: "TODO" | "IN_PROGRESS" | "COMPLETED" | "ON_HOLD"; priority: "LOW" | "MEDIUM" | "HIGH" | "URGENT"; isPaid: boolean; description?: string | undefined; dueDate?: string | undefined; assignedUserId?: string | undefined; teamMemberId?: string | undefined; }, any, { ...; }>'.
  The types of '_options.resolver' are incompatible between these types.
    Type 'Resolver<{ title: string; status: "TODO" | "IN_PROGRESS" | "COMPLETED" | "ON_HOLD"; priority: "LOW" | "MEDIUM" | "HIGH" | "URGENT"; isPaid: boolean; description?: string | undefined; dueDate?: string | undefined; assignedUserId?: string | undefined; teamMemberId?: string | undefined; }, any, TFieldValues> | undefined' is not assignable to type 'Resolver<{ title: string; status: "TODO" | "IN_PROGRESS" | "COMPLETED" | "ON_HOLD"; priority: "LOW" | "MEDIUM" | "HIGH" | "URGENT"; isPaid: boolean; description?: string | undefined; dueDate?: string | undefined; assignedUserId?: string | undefined; teamMemberId?: string | undefined; }, any, { ...; }> | undefined'.
      Type 'Resolver<{ title: string; status: "TODO" | "IN_PROGRESS" | "COMPLETED" | "ON_HOLD"; priority: "LOW" | "MEDIUM" | "HIGH" | "URGENT"; isPaid: boolean; description?: string | undefined; dueDate?: string | undefined; assignedUserId?: string | undefined; teamMemberId?: string | undefined; }, any, TFieldValues>' is not assignable to type 'Resolver<{ title: string; status: "TODO" | "IN_PROGRESS" | "COMPLETED" | "ON_HOLD"; priority: "LOW" | "MEDIUM" | "HIGH" | "URGENT"; isPaid: boolean; description?: string | undefined; dueDate?: string | undefined; assignedUserId?: string | undefined; teamMemberId?: string | undefined; }, any, { ...; }>'.
        Type 'ResolverResult<{ title: string; status: "TODO" | "IN_PROGRESS" | "COMPLETED" | "ON_HOLD"; priority: "LOW" | "MEDIUM" | "HIGH" | "URGENT"; isPaid: boolean; description?: string | undefined; dueDate?: string | undefined; assignedUserId?: string | undefined; teamMemberId?: string | undefined; }, TFieldValues> | Promise...' is not assignable to type 'ResolverResult<{ title: string; status: "TODO" | "IN_PROGRESS" | "COMPLETED" | "ON_HOLD"; priority: "LOW" | "MEDIUM" | "HIGH" | "URGENT"; isPaid: boolean; description?: string | undefined; dueDate?: string | undefined; assignedUserId?: string | undefined; teamMemberId?: string | undefined; }, { ...; }> | Promise<...>'.
          Type 'ResolverSuccess<TFieldValues>' is not assignable to type 'ResolverResult<{ title: string; status: "TODO" | "IN_PROGRESS" | "COMPLETED" | "ON_HOLD"; priority: "LOW" | "MEDIUM" | "HIGH" | "URGENT"; isPaid: boolean; description?: string | undefined; dueDate?: string | undefined; assignedUserId?: string | undefined; teamMemberId?: string | undefined; }, { ...; }> | Promise<...>'.
            Type 'ResolverSuccess<TFieldValues>' is not assignable to type 'ResolverSuccess<{ title: string; status: "TODO" | "IN_PROGRESS" | "COMPLETED" | "ON_HOLD"; priority: "LOW" | "MEDIUM" | "HIGH" | "URGENT"; isPaid: boolean; description?: string | undefined; dueDate?: string | undefined; assignedUserId?: string | undefined; teamMemberId?: string | undefined; }>'.
              Type 'TFieldValues' is not assignable to type '{ title: string; status: "TODO" | "IN_PROGRESS" | "COMPLETED" | "ON_HOLD"; priority: "LOW" | "MEDIUM" | "HIGH" | "URGENT"; isPaid: boolean; description?: string | undefined; dueDate?: string | undefined; assignedUserId?: string | undefined; teamMemberId?: string | undefined; }'.
                Type 'FieldValues' is missing the following properties from type '{ title: string; status: "TODO" | "IN_PROGRESS" | "COMPLETED" | "ON_HOLD"; priority: "LOW" | "MEDIUM" | "HIGH" | "URGENT"; isPaid: boolean; description?: string | undefined; dueDate?: string | undefined; assignedUserId?: string | undefined; teamMemberId?: string | undefined; }': title, status, priority, isPaid
src/components/project/create-task-modal.tsx(257,29): error TS2322: Type 'Control<{ title: string; status: "TODO" | "IN_PROGRESS" | "COMPLETED" | "ON_HOLD"; priority: "LOW" | "MEDIUM" | "HIGH" | "URGENT"; isPaid: boolean; description?: string | undefined; dueDate?: string | undefined; assignedUserId?: string | undefined; teamMemberId?: string | undefined; }, any, TFieldValues>' is not assignable to type 'Control<{ title: string; status: "TODO" | "IN_PROGRESS" | "COMPLETED" | "ON_HOLD"; priority: "LOW" | "MEDIUM" | "HIGH" | "URGENT"; isPaid: boolean; description?: string | undefined; dueDate?: string | undefined; assignedUserId?: string | undefined; teamMemberId?: string | undefined; }, any, { ...; }>'.
  The types of '_options.resolver' are incompatible between these types.
    Type 'Resolver<{ title: string; status: "TODO" | "IN_PROGRESS" | "COMPLETED" | "ON_HOLD"; priority: "LOW" | "MEDIUM" | "HIGH" | "URGENT"; isPaid: boolean; description?: string | undefined; dueDate?: string | undefined; assignedUserId?: string | undefined; teamMemberId?: string | undefined; }, any, TFieldValues> | undefined' is not assignable to type 'Resolver<{ title: string; status: "TODO" | "IN_PROGRESS" | "COMPLETED" | "ON_HOLD"; priority: "LOW" | "MEDIUM" | "HIGH" | "URGENT"; isPaid: boolean; description?: string | undefined; dueDate?: string | undefined; assignedUserId?: string | undefined; teamMemberId?: string | undefined; }, any, { ...; }> | undefined'.
      Type 'Resolver<{ title: string; status: "TODO" | "IN_PROGRESS" | "COMPLETED" | "ON_HOLD"; priority: "LOW" | "MEDIUM" | "HIGH" | "URGENT"; isPaid: boolean; description?: string | undefined; dueDate?: string | undefined; assignedUserId?: string | undefined; teamMemberId?: string | undefined; }, any, TFieldValues>' is not assignable to type 'Resolver<{ title: string; status: "TODO" | "IN_PROGRESS" | "COMPLETED" | "ON_HOLD"; priority: "LOW" | "MEDIUM" | "HIGH" | "URGENT"; isPaid: boolean; description?: string | undefined; dueDate?: string | undefined; assignedUserId?: string | undefined; teamMemberId?: string | undefined; }, any, { ...; }>'.
        Type 'ResolverResult<{ title: string; status: "TODO" | "IN_PROGRESS" | "COMPLETED" | "ON_HOLD"; priority: "LOW" | "MEDIUM" | "HIGH" | "URGENT"; isPaid: boolean; description?: string | undefined; dueDate?: string | undefined; assignedUserId?: string | undefined; teamMemberId?: string | undefined; }, TFieldValues> | Promise...' is not assignable to type 'ResolverResult<{ title: string; status: "TODO" | "IN_PROGRESS" | "COMPLETED" | "ON_HOLD"; priority: "LOW" | "MEDIUM" | "HIGH" | "URGENT"; isPaid: boolean; description?: string | undefined; dueDate?: string | undefined; assignedUserId?: string | undefined; teamMemberId?: string | undefined; }, { ...; }> | Promise<...>'.
          Type 'ResolverSuccess<TFieldValues>' is not assignable to type 'ResolverResult<{ title: string; status: "TODO" | "IN_PROGRESS" | "COMPLETED" | "ON_HOLD"; priority: "LOW" | "MEDIUM" | "HIGH" | "URGENT"; isPaid: boolean; description?: string | undefined; dueDate?: string | undefined; assignedUserId?: string | undefined; teamMemberId?: string | undefined; }, { ...; }> | Promise<...>'.
            Type 'ResolverSuccess<TFieldValues>' is not assignable to type 'ResolverSuccess<{ title: string; status: "TODO" | "IN_PROGRESS" | "COMPLETED" | "ON_HOLD"; priority: "LOW" | "MEDIUM" | "HIGH" | "URGENT"; isPaid: boolean; description?: string | undefined; dueDate?: string | undefined; assignedUserId?: string | undefined; teamMemberId?: string | undefined; }>'.
              Type 'TFieldValues' is not assignable to type '{ title: string; status: "TODO" | "IN_PROGRESS" | "COMPLETED" | "ON_HOLD"; priority: "LOW" | "MEDIUM" | "HIGH" | "URGENT"; isPaid: boolean; description?: string | undefined; dueDate?: string | undefined; assignedUserId?: string | undefined; teamMemberId?: string | undefined; }'.
                Type 'FieldValues' is missing the following properties from type '{ title: string; status: "TODO" | "IN_PROGRESS" | "COMPLETED" | "ON_HOLD"; priority: "LOW" | "MEDIUM" | "HIGH" | "URGENT"; isPaid: boolean; description?: string | undefined; dueDate?: string | undefined; assignedUserId?: string | undefined; teamMemberId?: string | undefined; }': title, status, priority, isPaid
src/components/project/edit-task-modal.tsx(9,26): error TS2307: Cannot find module '@/components/ui/checkbox' or its corresponding type declarations.
src/components/project/edit-task-modal.tsx(73,9): error TS2322: Type 'Resolver<{ title: string; status: "TODO" | "IN_PROGRESS" | "COMPLETED" | "ON_HOLD"; priority: "LOW" | "MEDIUM" | "HIGH" | "URGENT"; description?: string | undefined; dueDate?: string | undefined; assignedUserId?: string | undefined; teamMemberId?: string | undefined; isPaid?: boolean | undefined; }, any, { ...; }>' is not assignable to type 'Resolver<{ title: string; status: "TODO" | "IN_PROGRESS" | "COMPLETED" | "ON_HOLD"; priority: "LOW" | "MEDIUM" | "HIGH" | "URGENT"; isPaid: boolean; description?: string | undefined; dueDate?: string | undefined; assignedUserId?: string | undefined; teamMemberId?: string | undefined; }, any, { ...; }>'.
  Types of parameters 'options' and 'options' are incompatible.
    Type 'ResolverOptions<{ title: string; status: "TODO" | "IN_PROGRESS" | "COMPLETED" | "ON_HOLD"; priority: "LOW" | "MEDIUM" | "HIGH" | "URGENT"; isPaid: boolean; description?: string | undefined; dueDate?: string | undefined; assignedUserId?: string | undefined; teamMemberId?: string | undefined; }>' is not assignable to type 'ResolverOptions<{ title: string; status: "TODO" | "IN_PROGRESS" | "COMPLETED" | "ON_HOLD"; priority: "LOW" | "MEDIUM" | "HIGH" | "URGENT"; description?: string | undefined; dueDate?: string | undefined; assignedUserId?: string | undefined; teamMemberId?: string | undefined; isPaid?: boolean | undefined; }>'.
      Type 'boolean | undefined' is not assignable to type 'boolean'.
        Type 'undefined' is not assignable to type 'boolean'.
src/components/project/edit-task-modal.tsx(130,55): error TS2345: Argument of type '(values: z.infer<typeof TaskSchema>) => void' is not assignable to parameter of type 'SubmitHandler<TFieldValues>'.
  Types of parameters 'values' and 'data' are incompatible.
    Type 'TFieldValues' is not assignable to type '{ title: string; status: "TODO" | "IN_PROGRESS" | "COMPLETED" | "ON_HOLD"; priority: "LOW" | "MEDIUM" | "HIGH" | "URGENT"; isPaid: boolean; description?: string | undefined; dueDate?: string | undefined; assignedUserId?: string | undefined; teamMemberId?: string | undefined; }'.
      Type 'FieldValues' is missing the following properties from type '{ title: string; status: "TODO" | "IN_PROGRESS" | "COMPLETED" | "ON_HOLD"; priority: "LOW" | "MEDIUM" | "HIGH" | "URGENT"; isPaid: boolean; description?: string | undefined; dueDate?: string | undefined; assignedUserId?: string | undefined; teamMemberId?: string | undefined; }': title, status, priority, isPaid
src/components/project/edit-task-modal.tsx(132,29): error TS2322: Type 'Control<{ title: string; status: "TODO" | "IN_PROGRESS" | "COMPLETED" | "ON_HOLD"; priority: "LOW" | "MEDIUM" | "HIGH" | "URGENT"; isPaid: boolean; description?: string | undefined; dueDate?: string | undefined; assignedUserId?: string | undefined; teamMemberId?: string | undefined; }, any, TFieldValues>' is not assignable to type 'Control<{ title: string; status: "TODO" | "IN_PROGRESS" | "COMPLETED" | "ON_HOLD"; priority: "LOW" | "MEDIUM" | "HIGH" | "URGENT"; isPaid: boolean; description?: string | undefined; dueDate?: string | undefined; assignedUserId?: string | undefined; teamMemberId?: string | undefined; }, any, { ...; }>'.
  The types of '_options.resolver' are incompatible between these types.
    Type 'Resolver<{ title: string; status: "TODO" | "IN_PROGRESS" | "COMPLETED" | "ON_HOLD"; priority: "LOW" | "MEDIUM" | "HIGH" | "URGENT"; isPaid: boolean; description?: string | undefined; dueDate?: string | undefined; assignedUserId?: string | undefined; teamMemberId?: string | undefined; }, any, TFieldValues> | undefined' is not assignable to type 'Resolver<{ title: string; status: "TODO" | "IN_PROGRESS" | "COMPLETED" | "ON_HOLD"; priority: "LOW" | "MEDIUM" | "HIGH" | "URGENT"; isPaid: boolean; description?: string | undefined; dueDate?: string | undefined; assignedUserId?: string | undefined; teamMemberId?: string | undefined; }, any, { ...; }> | undefined'.
      Type 'Resolver<{ title: string; status: "TODO" | "IN_PROGRESS" | "COMPLETED" | "ON_HOLD"; priority: "LOW" | "MEDIUM" | "HIGH" | "URGENT"; isPaid: boolean; description?: string | undefined; dueDate?: string | undefined; assignedUserId?: string | undefined; teamMemberId?: string | undefined; }, any, TFieldValues>' is not assignable to type 'Resolver<{ title: string; status: "TODO" | "IN_PROGRESS" | "COMPLETED" | "ON_HOLD"; priority: "LOW" | "MEDIUM" | "HIGH" | "URGENT"; isPaid: boolean; description?: string | undefined; dueDate?: string | undefined; assignedUserId?: string | undefined; teamMemberId?: string | undefined; }, any, { ...; }>'.
        Type 'ResolverResult<{ title: string; status: "TODO" | "IN_PROGRESS" | "COMPLETED" | "ON_HOLD"; priority: "LOW" | "MEDIUM" | "HIGH" | "URGENT"; isPaid: boolean; description?: string | undefined; dueDate?: string | undefined; assignedUserId?: string | undefined; teamMemberId?: string | undefined; }, TFieldValues> | Promise...' is not assignable to type 'ResolverResult<{ title: string; status: "TODO" | "IN_PROGRESS" | "COMPLETED" | "ON_HOLD"; priority: "LOW" | "MEDIUM" | "HIGH" | "URGENT"; isPaid: boolean; description?: string | undefined; dueDate?: string | undefined; assignedUserId?: string | undefined; teamMemberId?: string | undefined; }, { ...; }> | Promise<...>'.
          Type 'ResolverSuccess<TFieldValues>' is not assignable to type 'ResolverResult<{ title: string; status: "TODO" | "IN_PROGRESS" | "COMPLETED" | "ON_HOLD"; priority: "LOW" | "MEDIUM" | "HIGH" | "URGENT"; isPaid: boolean; description?: string | undefined; dueDate?: string | undefined; assignedUserId?: string | undefined; teamMemberId?: string | undefined; }, { ...; }> | Promise<...>'.
            Type 'ResolverSuccess<TFieldValues>' is not assignable to type 'ResolverSuccess<{ title: string; status: "TODO" | "IN_PROGRESS" | "COMPLETED" | "ON_HOLD"; priority: "LOW" | "MEDIUM" | "HIGH" | "URGENT"; isPaid: boolean; description?: string | undefined; dueDate?: string | undefined; assignedUserId?: string | undefined; teamMemberId?: string | undefined; }>'.
              Type 'TFieldValues' is not assignable to type '{ title: string; status: "TODO" | "IN_PROGRESS" | "COMPLETED" | "ON_HOLD"; priority: "LOW" | "MEDIUM" | "HIGH" | "URGENT"; isPaid: boolean; description?: string | undefined; dueDate?: string | undefined; assignedUserId?: string | undefined; teamMemberId?: string | undefined; }'.
                Type 'FieldValues' is missing the following properties from type '{ title: string; status: "TODO" | "IN_PROGRESS" | "COMPLETED" | "ON_HOLD"; priority: "LOW" | "MEDIUM" | "HIGH" | "URGENT"; isPaid: boolean; description?: string | undefined; dueDate?: string | undefined; assignedUserId?: string | undefined; teamMemberId?: string | undefined; }': title, status, priority, isPaid
src/components/project/edit-task-modal.tsx(145,29): error TS2322: Type 'Control<{ title: string; status: "TODO" | "IN_PROGRESS" | "COMPLETED" | "ON_HOLD"; priority: "LOW" | "MEDIUM" | "HIGH" | "URGENT"; isPaid: boolean; description?: string | undefined; dueDate?: string | undefined; assignedUserId?: string | undefined; teamMemberId?: string | undefined; }, any, TFieldValues>' is not assignable to type 'Control<{ title: string; status: "TODO" | "IN_PROGRESS" | "COMPLETED" | "ON_HOLD"; priority: "LOW" | "MEDIUM" | "HIGH" | "URGENT"; isPaid: boolean; description?: string | undefined; dueDate?: string | undefined; assignedUserId?: string | undefined; teamMemberId?: string | undefined; }, any, { ...; }>'.
  The types of '_options.resolver' are incompatible between these types.
    Type 'Resolver<{ title: string; status: "TODO" | "IN_PROGRESS" | "COMPLETED" | "ON_HOLD"; priority: "LOW" | "MEDIUM" | "HIGH" | "URGENT"; isPaid: boolean; description?: string | undefined; dueDate?: string | undefined; assignedUserId?: string | undefined; teamMemberId?: string | undefined; }, any, TFieldValues> | undefined' is not assignable to type 'Resolver<{ title: string; status: "TODO" | "IN_PROGRESS" | "COMPLETED" | "ON_HOLD"; priority: "LOW" | "MEDIUM" | "HIGH" | "URGENT"; isPaid: boolean; description?: string | undefined; dueDate?: string | undefined; assignedUserId?: string | undefined; teamMemberId?: string | undefined; }, any, { ...; }> | undefined'.
      Type 'Resolver<{ title: string; status: "TODO" | "IN_PROGRESS" | "COMPLETED" | "ON_HOLD"; priority: "LOW" | "MEDIUM" | "HIGH" | "URGENT"; isPaid: boolean; description?: string | undefined; dueDate?: string | undefined; assignedUserId?: string | undefined; teamMemberId?: string | undefined; }, any, TFieldValues>' is not assignable to type 'Resolver<{ title: string; status: "TODO" | "IN_PROGRESS" | "COMPLETED" | "ON_HOLD"; priority: "LOW" | "MEDIUM" | "HIGH" | "URGENT"; isPaid: boolean; description?: string | undefined; dueDate?: string | undefined; assignedUserId?: string | undefined; teamMemberId?: string | undefined; }, any, { ...; }>'.
        Type 'ResolverResult<{ title: string; status: "TODO" | "IN_PROGRESS" | "COMPLETED" | "ON_HOLD"; priority: "LOW" | "MEDIUM" | "HIGH" | "URGENT"; isPaid: boolean; description?: string | undefined; dueDate?: string | undefined; assignedUserId?: string | undefined; teamMemberId?: string | undefined; }, TFieldValues> | Promise...' is not assignable to type 'ResolverResult<{ title: string; status: "TODO" | "IN_PROGRESS" | "COMPLETED" | "ON_HOLD"; priority: "LOW" | "MEDIUM" | "HIGH" | "URGENT"; isPaid: boolean; description?: string | undefined; dueDate?: string | undefined; assignedUserId?: string | undefined; teamMemberId?: string | undefined; }, { ...; }> | Promise<...>'.
          Type 'ResolverSuccess<TFieldValues>' is not assignable to type 'ResolverResult<{ title: string; status: "TODO" | "IN_PROGRESS" | "COMPLETED" | "ON_HOLD"; priority: "LOW" | "MEDIUM" | "HIGH" | "URGENT"; isPaid: boolean; description?: string | undefined; dueDate?: string | undefined; assignedUserId?: string | undefined; teamMemberId?: string | undefined; }, { ...; }> | Promise<...>'.
            Type 'ResolverSuccess<TFieldValues>' is not assignable to type 'ResolverSuccess<{ title: string; status: "TODO" | "IN_PROGRESS" | "COMPLETED" | "ON_HOLD"; priority: "LOW" | "MEDIUM" | "HIGH" | "URGENT"; isPaid: boolean; description?: string | undefined; dueDate?: string | undefined; assignedUserId?: string | undefined; teamMemberId?: string | undefined; }>'.
              Type 'TFieldValues' is not assignable to type '{ title: string; status: "TODO" | "IN_PROGRESS" | "COMPLETED" | "ON_HOLD"; priority: "LOW" | "MEDIUM" | "HIGH" | "URGENT"; isPaid: boolean; description?: string | undefined; dueDate?: string | undefined; assignedUserId?: string | undefined; teamMemberId?: string | undefined; }'.
                Type 'FieldValues' is missing the following properties from type '{ title: string; status: "TODO" | "IN_PROGRESS" | "COMPLETED" | "ON_HOLD"; priority: "LOW" | "MEDIUM" | "HIGH" | "URGENT"; isPaid: boolean; description?: string | undefined; dueDate?: string | undefined; assignedUserId?: string | undefined; teamMemberId?: string | undefined; }': title, status, priority, isPaid
src/components/project/edit-task-modal.tsx(159,33): error TS2322: Type 'Control<{ title: string; status: "TODO" | "IN_PROGRESS" | "COMPLETED" | "ON_HOLD"; priority: "LOW" | "MEDIUM" | "HIGH" | "URGENT"; isPaid: boolean; description?: string | undefined; dueDate?: string | undefined; assignedUserId?: string | undefined; teamMemberId?: string | undefined; }, any, TFieldValues>' is not assignable to type 'Control<{ title: string; status: "TODO" | "IN_PROGRESS" | "COMPLETED" | "ON_HOLD"; priority: "LOW" | "MEDIUM" | "HIGH" | "URGENT"; isPaid: boolean; description?: string | undefined; dueDate?: string | undefined; assignedUserId?: string | undefined; teamMemberId?: string | undefined; }, any, { ...; }>'.
  The types of '_options.resolver' are incompatible between these types.
    Type 'Resolver<{ title: string; status: "TODO" | "IN_PROGRESS" | "COMPLETED" | "ON_HOLD"; priority: "LOW" | "MEDIUM" | "HIGH" | "URGENT"; isPaid: boolean; description?: string | undefined; dueDate?: string | undefined; assignedUserId?: string | undefined; teamMemberId?: string | undefined; }, any, TFieldValues> | undefined' is not assignable to type 'Resolver<{ title: string; status: "TODO" | "IN_PROGRESS" | "COMPLETED" | "ON_HOLD"; priority: "LOW" | "MEDIUM" | "HIGH" | "URGENT"; isPaid: boolean; description?: string | undefined; dueDate?: string | undefined; assignedUserId?: string | undefined; teamMemberId?: string | undefined; }, any, { ...; }> | undefined'.
      Type 'Resolver<{ title: string; status: "TODO" | "IN_PROGRESS" | "COMPLETED" | "ON_HOLD"; priority: "LOW" | "MEDIUM" | "HIGH" | "URGENT"; isPaid: boolean; description?: string | undefined; dueDate?: string | undefined; assignedUserId?: string | undefined; teamMemberId?: string | undefined; }, any, TFieldValues>' is not assignable to type 'Resolver<{ title: string; status: "TODO" | "IN_PROGRESS" | "COMPLETED" | "ON_HOLD"; priority: "LOW" | "MEDIUM" | "HIGH" | "URGENT"; isPaid: boolean; description?: string | undefined; dueDate?: string | undefined; assignedUserId?: string | undefined; teamMemberId?: string | undefined; }, any, { ...; }>'.
        Type 'ResolverResult<{ title: string; status: "TODO" | "IN_PROGRESS" | "COMPLETED" | "ON_HOLD"; priority: "LOW" | "MEDIUM" | "HIGH" | "URGENT"; isPaid: boolean; description?: string | undefined; dueDate?: string | undefined; assignedUserId?: string | undefined; teamMemberId?: string | undefined; }, TFieldValues> | Promise...' is not assignable to type 'ResolverResult<{ title: string; status: "TODO" | "IN_PROGRESS" | "COMPLETED" | "ON_HOLD"; priority: "LOW" | "MEDIUM" | "HIGH" | "URGENT"; isPaid: boolean; description?: string | undefined; dueDate?: string | undefined; assignedUserId?: string | undefined; teamMemberId?: string | undefined; }, { ...; }> | Promise<...>'.
          Type 'ResolverSuccess<TFieldValues>' is not assignable to type 'ResolverResult<{ title: string; status: "TODO" | "IN_PROGRESS" | "COMPLETED" | "ON_HOLD"; priority: "LOW" | "MEDIUM" | "HIGH" | "URGENT"; isPaid: boolean; description?: string | undefined; dueDate?: string | undefined; assignedUserId?: string | undefined; teamMemberId?: string | undefined; }, { ...; }> | Promise<...>'.
            Type 'ResolverSuccess<TFieldValues>' is not assignable to type 'ResolverSuccess<{ title: string; status: "TODO" | "IN_PROGRESS" | "COMPLETED" | "ON_HOLD"; priority: "LOW" | "MEDIUM" | "HIGH" | "URGENT"; isPaid: boolean; description?: string | undefined; dueDate?: string | undefined; assignedUserId?: string | undefined; teamMemberId?: string | undefined; }>'.
              Type 'TFieldValues' is not assignable to type '{ title: string; status: "TODO" | "IN_PROGRESS" | "COMPLETED" | "ON_HOLD"; priority: "LOW" | "MEDIUM" | "HIGH" | "URGENT"; isPaid: boolean; description?: string | undefined; dueDate?: string | undefined; assignedUserId?: string | undefined; teamMemberId?: string | undefined; }'.
                Type 'FieldValues' is missing the following properties from type '{ title: string; status: "TODO" | "IN_PROGRESS" | "COMPLETED" | "ON_HOLD"; priority: "LOW" | "MEDIUM" | "HIGH" | "URGENT"; isPaid: boolean; description?: string | undefined; dueDate?: string | undefined; assignedUserId?: string | undefined; teamMemberId?: string | undefined; }': title, status, priority, isPaid
src/components/project/edit-task-modal.tsx(182,33): error TS2322: Type 'Control<{ title: string; status: "TODO" | "IN_PROGRESS" | "COMPLETED" | "ON_HOLD"; priority: "LOW" | "MEDIUM" | "HIGH" | "URGENT"; isPaid: boolean; description?: string | undefined; dueDate?: string | undefined; assignedUserId?: string | undefined; teamMemberId?: string | undefined; }, any, TFieldValues>' is not assignable to type 'Control<{ title: string; status: "TODO" | "IN_PROGRESS" | "COMPLETED" | "ON_HOLD"; priority: "LOW" | "MEDIUM" | "HIGH" | "URGENT"; isPaid: boolean; description?: string | undefined; dueDate?: string | undefined; assignedUserId?: string | undefined; teamMemberId?: string | undefined; }, any, { ...; }>'.
  The types of '_options.resolver' are incompatible between these types.
    Type 'Resolver<{ title: string; status: "TODO" | "IN_PROGRESS" | "COMPLETED" | "ON_HOLD"; priority: "LOW" | "MEDIUM" | "HIGH" | "URGENT"; isPaid: boolean; description?: string | undefined; dueDate?: string | undefined; assignedUserId?: string | undefined; teamMemberId?: string | undefined; }, any, TFieldValues> | undefined' is not assignable to type 'Resolver<{ title: string; status: "TODO" | "IN_PROGRESS" | "COMPLETED" | "ON_HOLD"; priority: "LOW" | "MEDIUM" | "HIGH" | "URGENT"; isPaid: boolean; description?: string | undefined; dueDate?: string | undefined; assignedUserId?: string | undefined; teamMemberId?: string | undefined; }, any, { ...; }> | undefined'.
      Type 'Resolver<{ title: string; status: "TODO" | "IN_PROGRESS" | "COMPLETED" | "ON_HOLD"; priority: "LOW" | "MEDIUM" | "HIGH" | "URGENT"; isPaid: boolean; description?: string | undefined; dueDate?: string | undefined; assignedUserId?: string | undefined; teamMemberId?: string | undefined; }, any, TFieldValues>' is not assignable to type 'Resolver<{ title: string; status: "TODO" | "IN_PROGRESS" | "COMPLETED" | "ON_HOLD"; priority: "LOW" | "MEDIUM" | "HIGH" | "URGENT"; isPaid: boolean; description?: string | undefined; dueDate?: string | undefined; assignedUserId?: string | undefined; teamMemberId?: string | undefined; }, any, { ...; }>'.
        Type 'ResolverResult<{ title: string; status: "TODO" | "IN_PROGRESS" | "COMPLETED" | "ON_HOLD"; priority: "LOW" | "MEDIUM" | "HIGH" | "URGENT"; isPaid: boolean; description?: string | undefined; dueDate?: string | undefined; assignedUserId?: string | undefined; teamMemberId?: string | undefined; }, TFieldValues> | Promise...' is not assignable to type 'ResolverResult<{ title: string; status: "TODO" | "IN_PROGRESS" | "COMPLETED" | "ON_HOLD"; priority: "LOW" | "MEDIUM" | "HIGH" | "URGENT"; isPaid: boolean; description?: string | undefined; dueDate?: string | undefined; assignedUserId?: string | undefined; teamMemberId?: string | undefined; }, { ...; }> | Promise<...>'.
          Type 'ResolverSuccess<TFieldValues>' is not assignable to type 'ResolverResult<{ title: string; status: "TODO" | "IN_PROGRESS" | "COMPLETED" | "ON_HOLD"; priority: "LOW" | "MEDIUM" | "HIGH" | "URGENT"; isPaid: boolean; description?: string | undefined; dueDate?: string | undefined; assignedUserId?: string | undefined; teamMemberId?: string | undefined; }, { ...; }> | Promise<...>'.
            Type 'ResolverSuccess<TFieldValues>' is not assignable to type 'ResolverSuccess<{ title: string; status: "TODO" | "IN_PROGRESS" | "COMPLETED" | "ON_HOLD"; priority: "LOW" | "MEDIUM" | "HIGH" | "URGENT"; isPaid: boolean; description?: string | undefined; dueDate?: string | undefined; assignedUserId?: string | undefined; teamMemberId?: string | undefined; }>'.
              Type 'TFieldValues' is not assignable to type '{ title: string; status: "TODO" | "IN_PROGRESS" | "COMPLETED" | "ON_HOLD"; priority: "LOW" | "MEDIUM" | "HIGH" | "URGENT"; isPaid: boolean; description?: string | undefined; dueDate?: string | undefined; assignedUserId?: string | undefined; teamMemberId?: string | undefined; }'.
                Type 'FieldValues' is missing the following properties from type '{ title: string; status: "TODO" | "IN_PROGRESS" | "COMPLETED" | "ON_HOLD"; priority: "LOW" | "MEDIUM" | "HIGH" | "URGENT"; isPaid: boolean; description?: string | undefined; dueDate?: string | undefined; assignedUserId?: string | undefined; teamMemberId?: string | undefined; }': title, status, priority, isPaid
src/components/project/edit-task-modal.tsx(206,29): error TS2322: Type 'Control<{ title: string; status: "TODO" | "IN_PROGRESS" | "COMPLETED" | "ON_HOLD"; priority: "LOW" | "MEDIUM" | "HIGH" | "URGENT"; isPaid: boolean; description?: string | undefined; dueDate?: string | undefined; assignedUserId?: string | undefined; teamMemberId?: string | undefined; }, any, TFieldValues>' is not assignable to type 'Control<{ title: string; status: "TODO" | "IN_PROGRESS" | "COMPLETED" | "ON_HOLD"; priority: "LOW" | "MEDIUM" | "HIGH" | "URGENT"; isPaid: boolean; description?: string | undefined; dueDate?: string | undefined; assignedUserId?: string | undefined; teamMemberId?: string | undefined; }, any, { ...; }>'.
  The types of '_options.resolver' are incompatible between these types.
    Type 'Resolver<{ title: string; status: "TODO" | "IN_PROGRESS" | "COMPLETED" | "ON_HOLD"; priority: "LOW" | "MEDIUM" | "HIGH" | "URGENT"; isPaid: boolean; description?: string | undefined; dueDate?: string | undefined; assignedUserId?: string | undefined; teamMemberId?: string | undefined; }, any, TFieldValues> | undefined' is not assignable to type 'Resolver<{ title: string; status: "TODO" | "IN_PROGRESS" | "COMPLETED" | "ON_HOLD"; priority: "LOW" | "MEDIUM" | "HIGH" | "URGENT"; isPaid: boolean; description?: string | undefined; dueDate?: string | undefined; assignedUserId?: string | undefined; teamMemberId?: string | undefined; }, any, { ...; }> | undefined'.
      Type 'Resolver<{ title: string; status: "TODO" | "IN_PROGRESS" | "COMPLETED" | "ON_HOLD"; priority: "LOW" | "MEDIUM" | "HIGH" | "URGENT"; isPaid: boolean; description?: string | undefined; dueDate?: string | undefined; assignedUserId?: string | undefined; teamMemberId?: string | undefined; }, any, TFieldValues>' is not assignable to type 'Resolver<{ title: string; status: "TODO" | "IN_PROGRESS" | "COMPLETED" | "ON_HOLD"; priority: "LOW" | "MEDIUM" | "HIGH" | "URGENT"; isPaid: boolean; description?: string | undefined; dueDate?: string | undefined; assignedUserId?: string | undefined; teamMemberId?: string | undefined; }, any, { ...; }>'.
        Type 'ResolverResult<{ title: string; status: "TODO" | "IN_PROGRESS" | "COMPLETED" | "ON_HOLD"; priority: "LOW" | "MEDIUM" | "HIGH" | "URGENT"; isPaid: boolean; description?: string | undefined; dueDate?: string | undefined; assignedUserId?: string | undefined; teamMemberId?: string | undefined; }, TFieldValues> | Promise...' is not assignable to type 'ResolverResult<{ title: string; status: "TODO" | "IN_PROGRESS" | "COMPLETED" | "ON_HOLD"; priority: "LOW" | "MEDIUM" | "HIGH" | "URGENT"; isPaid: boolean; description?: string | undefined; dueDate?: string | undefined; assignedUserId?: string | undefined; teamMemberId?: string | undefined; }, { ...; }> | Promise<...>'.
          Type 'ResolverSuccess<TFieldValues>' is not assignable to type 'ResolverResult<{ title: string; status: "TODO" | "IN_PROGRESS" | "COMPLETED" | "ON_HOLD"; priority: "LOW" | "MEDIUM" | "HIGH" | "URGENT"; isPaid: boolean; description?: string | undefined; dueDate?: string | undefined; assignedUserId?: string | undefined; teamMemberId?: string | undefined; }, { ...; }> | Promise<...>'.
            Type 'ResolverSuccess<TFieldValues>' is not assignable to type 'ResolverSuccess<{ title: string; status: "TODO" | "IN_PROGRESS" | "COMPLETED" | "ON_HOLD"; priority: "LOW" | "MEDIUM" | "HIGH" | "URGENT"; isPaid: boolean; description?: string | undefined; dueDate?: string | undefined; assignedUserId?: string | undefined; teamMemberId?: string | undefined; }>'.
              Type 'TFieldValues' is not assignable to type '{ title: string; status: "TODO" | "IN_PROGRESS" | "COMPLETED" | "ON_HOLD"; priority: "LOW" | "MEDIUM" | "HIGH" | "URGENT"; isPaid: boolean; description?: string | undefined; dueDate?: string | undefined; assignedUserId?: string | undefined; teamMemberId?: string | undefined; }'.
                Type 'FieldValues' is missing the following properties from type '{ title: string; status: "TODO" | "IN_PROGRESS" | "COMPLETED" | "ON_HOLD"; priority: "LOW" | "MEDIUM" | "HIGH" | "URGENT"; isPaid: boolean; description?: string | undefined; dueDate?: string | undefined; assignedUserId?: string | undefined; teamMemberId?: string | undefined; }': title, status, priority, isPaid
src/components/project/edit-task-modal.tsx(232,33): error TS2322: Type 'Control<{ title: string; status: "TODO" | "IN_PROGRESS" | "COMPLETED" | "ON_HOLD"; priority: "LOW" | "MEDIUM" | "HIGH" | "URGENT"; isPaid: boolean; description?: string | undefined; dueDate?: string | undefined; assignedUserId?: string | undefined; teamMemberId?: string | undefined; }, any, TFieldValues>' is not assignable to type 'Control<{ title: string; status: "TODO" | "IN_PROGRESS" | "COMPLETED" | "ON_HOLD"; priority: "LOW" | "MEDIUM" | "HIGH" | "URGENT"; isPaid: boolean; description?: string | undefined; dueDate?: string | undefined; assignedUserId?: string | undefined; teamMemberId?: string | undefined; }, any, { ...; }>'.
  The types of '_options.resolver' are incompatible between these types.
    Type 'Resolver<{ title: string; status: "TODO" | "IN_PROGRESS" | "COMPLETED" | "ON_HOLD"; priority: "LOW" | "MEDIUM" | "HIGH" | "URGENT"; isPaid: boolean; description?: string | undefined; dueDate?: string | undefined; assignedUserId?: string | undefined; teamMemberId?: string | undefined; }, any, TFieldValues> | undefined' is not assignable to type 'Resolver<{ title: string; status: "TODO" | "IN_PROGRESS" | "COMPLETED" | "ON_HOLD"; priority: "LOW" | "MEDIUM" | "HIGH" | "URGENT"; isPaid: boolean; description?: string | undefined; dueDate?: string | undefined; assignedUserId?: string | undefined; teamMemberId?: string | undefined; }, any, { ...; }> | undefined'.
      Type 'Resolver<{ title: string; status: "TODO" | "IN_PROGRESS" | "COMPLETED" | "ON_HOLD"; priority: "LOW" | "MEDIUM" | "HIGH" | "URGENT"; isPaid: boolean; description?: string | undefined; dueDate?: string | undefined; assignedUserId?: string | undefined; teamMemberId?: string | undefined; }, any, TFieldValues>' is not assignable to type 'Resolver<{ title: string; status: "TODO" | "IN_PROGRESS" | "COMPLETED" | "ON_HOLD"; priority: "LOW" | "MEDIUM" | "HIGH" | "URGENT"; isPaid: boolean; description?: string | undefined; dueDate?: string | undefined; assignedUserId?: string | undefined; teamMemberId?: string | undefined; }, any, { ...; }>'.
        Type 'ResolverResult<{ title: string; status: "TODO" | "IN_PROGRESS" | "COMPLETED" | "ON_HOLD"; priority: "LOW" | "MEDIUM" | "HIGH" | "URGENT"; isPaid: boolean; description?: string | undefined; dueDate?: string | undefined; assignedUserId?: string | undefined; teamMemberId?: string | undefined; }, TFieldValues> | Promise...' is not assignable to type 'ResolverResult<{ title: string; status: "TODO" | "IN_PROGRESS" | "COMPLETED" | "ON_HOLD"; priority: "LOW" | "MEDIUM" | "HIGH" | "URGENT"; isPaid: boolean; description?: string | undefined; dueDate?: string | undefined; assignedUserId?: string | undefined; teamMemberId?: string | undefined; }, { ...; }> | Promise<...>'.
          Type 'ResolverSuccess<TFieldValues>' is not assignable to type 'ResolverResult<{ title: string; status: "TODO" | "IN_PROGRESS" | "COMPLETED" | "ON_HOLD"; priority: "LOW" | "MEDIUM" | "HIGH" | "URGENT"; isPaid: boolean; description?: string | undefined; dueDate?: string | undefined; assignedUserId?: string | undefined; teamMemberId?: string | undefined; }, { ...; }> | Promise<...>'.
            Type 'ResolverSuccess<TFieldValues>' is not assignable to type 'ResolverSuccess<{ title: string; status: "TODO" | "IN_PROGRESS" | "COMPLETED" | "ON_HOLD"; priority: "LOW" | "MEDIUM" | "HIGH" | "URGENT"; isPaid: boolean; description?: string | undefined; dueDate?: string | undefined; assignedUserId?: string | undefined; teamMemberId?: string | undefined; }>'.
              Type 'TFieldValues' is not assignable to type '{ title: string; status: "TODO" | "IN_PROGRESS" | "COMPLETED" | "ON_HOLD"; priority: "LOW" | "MEDIUM" | "HIGH" | "URGENT"; isPaid: boolean; description?: string | undefined; dueDate?: string | undefined; assignedUserId?: string | undefined; teamMemberId?: string | undefined; }'.
                Type 'FieldValues' is missing the following properties from type '{ title: string; status: "TODO" | "IN_PROGRESS" | "COMPLETED" | "ON_HOLD"; priority: "LOW" | "MEDIUM" | "HIGH" | "URGENT"; isPaid: boolean; description?: string | undefined; dueDate?: string | undefined; assignedUserId?: string | undefined; teamMemberId?: string | undefined; }': title, status, priority, isPaid
src/components/project/edit-task-modal.tsx(262,33): error TS2322: Type 'Control<{ title: string; status: "TODO" | "IN_PROGRESS" | "COMPLETED" | "ON_HOLD"; priority: "LOW" | "MEDIUM" | "HIGH" | "URGENT"; isPaid: boolean; description?: string | undefined; dueDate?: string | undefined; assignedUserId?: string | undefined; teamMemberId?: string | undefined; }, any, TFieldValues>' is not assignable to type 'Control<{ title: string; status: "TODO" | "IN_PROGRESS" | "COMPLETED" | "ON_HOLD"; priority: "LOW" | "MEDIUM" | "HIGH" | "URGENT"; isPaid: boolean; description?: string | undefined; dueDate?: string | undefined; assignedUserId?: string | undefined; teamMemberId?: string | undefined; }, any, { ...; }>'.
  The types of '_options.resolver' are incompatible between these types.
    Type 'Resolver<{ title: string; status: "TODO" | "IN_PROGRESS" | "COMPLETED" | "ON_HOLD"; priority: "LOW" | "MEDIUM" | "HIGH" | "URGENT"; isPaid: boolean; description?: string | undefined; dueDate?: string | undefined; assignedUserId?: string | undefined; teamMemberId?: string | undefined; }, any, TFieldValues> | undefined' is not assignable to type 'Resolver<{ title: string; status: "TODO" | "IN_PROGRESS" | "COMPLETED" | "ON_HOLD"; priority: "LOW" | "MEDIUM" | "HIGH" | "URGENT"; isPaid: boolean; description?: string | undefined; dueDate?: string | undefined; assignedUserId?: string | undefined; teamMemberId?: string | undefined; }, any, { ...; }> | undefined'.
      Type 'Resolver<{ title: string; status: "TODO" | "IN_PROGRESS" | "COMPLETED" | "ON_HOLD"; priority: "LOW" | "MEDIUM" | "HIGH" | "URGENT"; isPaid: boolean; description?: string | undefined; dueDate?: string | undefined; assignedUserId?: string | undefined; teamMemberId?: string | undefined; }, any, TFieldValues>' is not assignable to type 'Resolver<{ title: string; status: "TODO" | "IN_PROGRESS" | "COMPLETED" | "ON_HOLD"; priority: "LOW" | "MEDIUM" | "HIGH" | "URGENT"; isPaid: boolean; description?: string | undefined; dueDate?: string | undefined; assignedUserId?: string | undefined; teamMemberId?: string | undefined; }, any, { ...; }>'.
        Type 'ResolverResult<{ title: string; status: "TODO" | "IN_PROGRESS" | "COMPLETED" | "ON_HOLD"; priority: "LOW" | "MEDIUM" | "HIGH" | "URGENT"; isPaid: boolean; description?: string | undefined; dueDate?: string | undefined; assignedUserId?: string | undefined; teamMemberId?: string | undefined; }, TFieldValues> | Promise...' is not assignable to type 'ResolverResult<{ title: string; status: "TODO" | "IN_PROGRESS" | "COMPLETED" | "ON_HOLD"; priority: "LOW" | "MEDIUM" | "HIGH" | "URGENT"; isPaid: boolean; description?: string | undefined; dueDate?: string | undefined; assignedUserId?: string | undefined; teamMemberId?: string | undefined; }, { ...; }> | Promise<...>'.
          Type 'ResolverSuccess<TFieldValues>' is not assignable to type 'ResolverResult<{ title: string; status: "TODO" | "IN_PROGRESS" | "COMPLETED" | "ON_HOLD"; priority: "LOW" | "MEDIUM" | "HIGH" | "URGENT"; isPaid: boolean; description?: string | undefined; dueDate?: string | undefined; assignedUserId?: string | undefined; teamMemberId?: string | undefined; }, { ...; }> | Promise<...>'.
            Type 'ResolverSuccess<TFieldValues>' is not assignable to type 'ResolverSuccess<{ title: string; status: "TODO" | "IN_PROGRESS" | "COMPLETED" | "ON_HOLD"; priority: "LOW" | "MEDIUM" | "HIGH" | "URGENT"; isPaid: boolean; description?: string | undefined; dueDate?: string | undefined; assignedUserId?: string | undefined; teamMemberId?: string | undefined; }>'.
              Type 'TFieldValues' is not assignable to type '{ title: string; status: "TODO" | "IN_PROGRESS" | "COMPLETED" | "ON_HOLD"; priority: "LOW" | "MEDIUM" | "HIGH" | "URGENT"; isPaid: boolean; description?: string | undefined; dueDate?: string | undefined; assignedUserId?: string | undefined; teamMemberId?: string | undefined; }'.
                Type 'FieldValues' is missing the following properties from type '{ title: string; status: "TODO" | "IN_PROGRESS" | "COMPLETED" | "ON_HOLD"; priority: "LOW" | "MEDIUM" | "HIGH" | "URGENT"; isPaid: boolean; description?: string | undefined; dueDate?: string | undefined; assignedUserId?: string | undefined; teamMemberId?: string | undefined; }': title, status, priority, isPaid
src/components/project/edit-task-modal.tsx(276,29): error TS2322: Type 'Control<{ title: string; status: "TODO" | "IN_PROGRESS" | "COMPLETED" | "ON_HOLD"; priority: "LOW" | "MEDIUM" | "HIGH" | "URGENT"; isPaid: boolean; description?: string | undefined; dueDate?: string | undefined; assignedUserId?: string | undefined; teamMemberId?: string | undefined; }, any, TFieldValues>' is not assignable to type 'Control<{ title: string; status: "TODO" | "IN_PROGRESS" | "COMPLETED" | "ON_HOLD"; priority: "LOW" | "MEDIUM" | "HIGH" | "URGENT"; isPaid: boolean; description?: string | undefined; dueDate?: string | undefined; assignedUserId?: string | undefined; teamMemberId?: string | undefined; }, any, { ...; }>'.
  The types of '_options.resolver' are incompatible between these types.
    Type 'Resolver<{ title: string; status: "TODO" | "IN_PROGRESS" | "COMPLETED" | "ON_HOLD"; priority: "LOW" | "MEDIUM" | "HIGH" | "URGENT"; isPaid: boolean; description?: string | undefined; dueDate?: string | undefined; assignedUserId?: string | undefined; teamMemberId?: string | undefined; }, any, TFieldValues> | undefined' is not assignable to type 'Resolver<{ title: string; status: "TODO" | "IN_PROGRESS" | "COMPLETED" | "ON_HOLD"; priority: "LOW" | "MEDIUM" | "HIGH" | "URGENT"; isPaid: boolean; description?: string | undefined; dueDate?: string | undefined; assignedUserId?: string | undefined; teamMemberId?: string | undefined; }, any, { ...; }> | undefined'.
      Type 'Resolver<{ title: string; status: "TODO" | "IN_PROGRESS" | "COMPLETED" | "ON_HOLD"; priority: "LOW" | "MEDIUM" | "HIGH" | "URGENT"; isPaid: boolean; description?: string | undefined; dueDate?: string | undefined; assignedUserId?: string | undefined; teamMemberId?: string | undefined; }, any, TFieldValues>' is not assignable to type 'Resolver<{ title: string; status: "TODO" | "IN_PROGRESS" | "COMPLETED" | "ON_HOLD"; priority: "LOW" | "MEDIUM" | "HIGH" | "URGENT"; isPaid: boolean; description?: string | undefined; dueDate?: string | undefined; assignedUserId?: string | undefined; teamMemberId?: string | undefined; }, any, { ...; }>'.
        Type 'ResolverResult<{ title: string; status: "TODO" | "IN_PROGRESS" | "COMPLETED" | "ON_HOLD"; priority: "LOW" | "MEDIUM" | "HIGH" | "URGENT"; isPaid: boolean; description?: string | undefined; dueDate?: string | undefined; assignedUserId?: string | undefined; teamMemberId?: string | undefined; }, TFieldValues> | Promise...' is not assignable to type 'ResolverResult<{ title: string; status: "TODO" | "IN_PROGRESS" | "COMPLETED" | "ON_HOLD"; priority: "LOW" | "MEDIUM" | "HIGH" | "URGENT"; isPaid: boolean; description?: string | undefined; dueDate?: string | undefined; assignedUserId?: string | undefined; teamMemberId?: string | undefined; }, { ...; }> | Promise<...>'.
          Type 'ResolverSuccess<TFieldValues>' is not assignable to type 'ResolverResult<{ title: string; status: "TODO" | "IN_PROGRESS" | "COMPLETED" | "ON_HOLD"; priority: "LOW" | "MEDIUM" | "HIGH" | "URGENT"; isPaid: boolean; description?: string | undefined; dueDate?: string | undefined; assignedUserId?: string | undefined; teamMemberId?: string | undefined; }, { ...; }> | Promise<...>'.
            Type 'ResolverSuccess<TFieldValues>' is not assignable to type 'ResolverSuccess<{ title: string; status: "TODO" | "IN_PROGRESS" | "COMPLETED" | "ON_HOLD"; priority: "LOW" | "MEDIUM" | "HIGH" | "URGENT"; isPaid: boolean; description?: string | undefined; dueDate?: string | undefined; assignedUserId?: string | undefined; teamMemberId?: string | undefined; }>'.
              Type 'TFieldValues' is not assignable to type '{ title: string; status: "TODO" | "IN_PROGRESS" | "COMPLETED" | "ON_HOLD"; priority: "LOW" | "MEDIUM" | "HIGH" | "URGENT"; isPaid: boolean; description?: string | undefined; dueDate?: string | undefined; assignedUserId?: string | undefined; teamMemberId?: string | undefined; }'.
                Type 'FieldValues' is missing the following properties from type '{ title: string; status: "TODO" | "IN_PROGRESS" | "COMPLETED" | "ON_HOLD"; priority: "LOW" | "MEDIUM" | "HIGH" | "URGENT"; isPaid: boolean; description?: string | undefined; dueDate?: string | undefined; assignedUserId?: string | undefined; teamMemberId?: string | undefined; }': title, status, priority, isPaid
